// Jest Snapshot v1, https://goo.gl/fbAQLP

exports[`mocking all functions should match snapshot 1`] = `
ShallowWrapper {
  Symbol(enzyme.__root__): [Circular],
  Symbol(enzyme.__unrendered__): <Paginations
    currentPage={Object {}}
    fullArticle={
      Object {
        "total_pages": 1,
      }
    }
    getMoreArticles={[MockFunction]}
    moreArticles={Object {}}
    pageNumber={Array []}
    searchParam=""
    update={[MockFunction]}
  />,
  Symbol(enzyme.__renderer__): Object {
    "batchedUpdates": [Function],
    "getNode": [Function],
    "render": [Function],
    "simulateError": [Function],
    "simulateEvent": [Function],
    "unmount": [Function],
  },
  Symbol(enzyme.__node__): Object {
    "instance": null,
    "key": undefined,
    "nodeType": "function",
    "props": Object {
      "allPages": undefined,
      "articles": undefined,
      "currentPage": 1,
      "getMoreArticles": [MockFunction],
      "nextPage": [Function],
      "pageNumber": Array [],
      "previousPage": [Function],
      "searchParam": "",
    },
    "ref": null,
    "rendered": null,
    "type": [Function],
  },
  Symbol(enzyme.__nodes__): Array [
    Object {
      "instance": null,
      "key": undefined,
      "nodeType": "function",
      "props": Object {
        "allPages": undefined,
        "articles": undefined,
        "currentPage": 1,
        "getMoreArticles": [MockFunction],
        "nextPage": [Function],
        "pageNumber": Array [],
        "previousPage": [Function],
        "searchParam": "",
      },
      "ref": null,
      "rendered": null,
      "type": [Function],
    },
  ],
  Symbol(enzyme.__options__): Object {
    "adapter": ReactSixteenAdapter {
      "options": Object {
        "enableComponentDidUpdateOnSetState": true,
        "lifecycles": Object {
          "componentDidUpdate": Object {
            "onSetState": true,
          },
          "getDerivedStateFromProps": true,
          "getSnapshotBeforeUpdate": true,
          "setState": Object {
            "skipsComponentDidUpdateOnNullish": true,
          },
        },
      },
    },
  },
}
`;
