// Jest Snapshot v1, https://goo.gl/fbAQLP

exports[`Testing the BookmarksView component should compare the component with the snapshot 1`] = `
ShallowWrapper {
  Symbol(enzyme.__root__): [Circular],
  Symbol(enzyme.__unrendered__): <Bookmark
    BookmarkAction={[MockFunction]}
    UnBookmarkAction={[MockFunction]}
    articleId={2}
    data={Object {}}
    getMyBookmarkedArticlesAction={
      [MockFunction] {
        "calls": Array [
          Array [
            null,
          ],
        ],
        "results": Array [
          Object {
            "isThrow": false,
            "value": undefined,
          },
        ],
      }
    }
    history={Object {}}
    is_bookmarked={false}
    message="Article was bookmarked"
    slug="mocked-SLUG"
  />,
  Symbol(enzyme.__renderer__): Object {
    "batchedUpdates": [Function],
    "getNode": [Function],
    "render": [Function],
    "simulateError": [Function],
    "simulateEvent": [Function],
    "unmount": [Function],
  },
  Symbol(enzyme.__node__): Object {
    "instance": null,
    "key": undefined,
    "nodeType": "host",
    "props": Object {
      "children": Array [
        <t
          border={false}
          brand={false}
          className="bookmark-icon"
          fab={false}
          fal={false}
          far={false}
          fixed={false}
          flip=""
          icon="bookmark"
          inverse=""
          light={false}
          list={false}
          onClick={[Function]}
          pull=""
          pulse={false}
          regular={false}
          rotate=""
          size="2x"
          spin={false}
          stack=""
        />,
        <ModalPage
          history={Object {}}
          md="12"
          modal={false}
          title="Please login before you can like or dislike the article"
          toggle={[Function]}
        />,
      ],
      "className": "blue-grey-text ml-2",
    },
    "ref": null,
    "rendered": Array [
      Object {
        "instance": null,
        "key": undefined,
        "nodeType": "class",
        "props": Object {
          "border": false,
          "brand": false,
          "className": "bookmark-icon",
          "fab": false,
          "fal": false,
          "far": false,
          "fixed": false,
          "flip": "",
          "icon": "bookmark",
          "inverse": "",
          "light": false,
          "list": false,
          "onClick": [Function],
          "pull": "",
          "pulse": false,
          "regular": false,
          "rotate": "",
          "size": "2x",
          "spin": false,
          "stack": "",
        },
        "ref": null,
        "rendered": null,
        "type": [Function],
      },
      Object {
        "instance": null,
        "key": undefined,
        "nodeType": "function",
        "props": Object {
          "fallback": undefined,
          "history": Object {},
          "md": "12",
          "modal": false,
          "title": "Please login before you can like or dislike the article",
          "toggle": [Function],
        },
        "ref": null,
        "rendered": null,
        "type": [Function],
      },
    ],
    "type": "div",
  },
  Symbol(enzyme.__nodes__): Array [
    Object {
      "instance": null,
      "key": undefined,
      "nodeType": "host",
      "props": Object {
        "children": Array [
          <t
            border={false}
            brand={false}
            className="bookmark-icon"
            fab={false}
            fal={false}
            far={false}
            fixed={false}
            flip=""
            icon="bookmark"
            inverse=""
            light={false}
            list={false}
            onClick={[Function]}
            pull=""
            pulse={false}
            regular={false}
            rotate=""
            size="2x"
            spin={false}
            stack=""
          />,
          <ModalPage
            history={Object {}}
            md="12"
            modal={false}
            title="Please login before you can like or dislike the article"
            toggle={[Function]}
          />,
        ],
        "className": "blue-grey-text ml-2",
      },
      "ref": null,
      "rendered": Array [
        Object {
          "instance": null,
          "key": undefined,
          "nodeType": "class",
          "props": Object {
            "border": false,
            "brand": false,
            "className": "bookmark-icon",
            "fab": false,
            "fal": false,
            "far": false,
            "fixed": false,
            "flip": "",
            "icon": "bookmark",
            "inverse": "",
            "light": false,
            "list": false,
            "onClick": [Function],
            "pull": "",
            "pulse": false,
            "regular": false,
            "rotate": "",
            "size": "2x",
            "spin": false,
            "stack": "",
          },
          "ref": null,
          "rendered": null,
          "type": [Function],
        },
        Object {
          "instance": null,
          "key": undefined,
          "nodeType": "function",
          "props": Object {
            "fallback": undefined,
            "history": Object {},
            "md": "12",
            "modal": false,
            "title": "Please login before you can like or dislike the article",
            "toggle": [Function],
          },
          "ref": null,
          "rendered": null,
          "type": [Function],
        },
      ],
      "type": "div",
    },
  ],
  Symbol(enzyme.__options__): Object {
    "adapter": ReactSixteenAdapter {
      "options": Object {
        "enableComponentDidUpdateOnSetState": true,
        "lifecycles": Object {
          "componentDidUpdate": Object {
            "onSetState": true,
          },
          "getDerivedStateFromProps": true,
          "getSnapshotBeforeUpdate": true,
          "setState": Object {
            "skipsComponentDidUpdateOnNullish": true,
          },
        },
      },
    },
  },
}
`;
