// Jest Snapshot v1, https://goo.gl/fbAQLP

exports[`<TagInput /> matches snapshort 1`] = `
ShallowWrapper {
  Symbol(enzyme.__root__): [Circular],
  Symbol(enzyme.__unrendered__): <TagInput
    0="magic"
    1="angular"
    2="andela"
    handleTags={[Function]}
    tagList={Array []}
    tags={
      Array [
        "magic",
        "angular",
        "andela",
      ]
    }
  />,
  Symbol(enzyme.__renderer__): Object {
    "batchedUpdates": [Function],
    "getNode": [Function],
    "render": [Function],
    "simulateError": [Function],
    "simulateEvent": [Function],
    "unmount": [Function],
  },
  Symbol(enzyme.__node__): Object {
    "instance": null,
    "key": undefined,
    "nodeType": "class",
    "props": Object {
      "addKeys": Array [
        9,
        13,
      ],
      "addOnBlur": false,
      "addOnPaste": false,
      "className": "react-tagsinput",
      "disabled": false,
      "focusedClassName": "react-tagsinput--focused",
      "inputProps": Object {},
      "maxTags": -1,
      "onChange": [Function],
      "onlyUnique": false,
      "pasteSplit": [Function],
      "preventSubmit": true,
      "removeKeys": Array [
        8,
      ],
      "renderInput": [Function],
      "renderLayout": [Function],
      "renderTag": [Function],
      "tagDisplayProp": null,
      "tagProps": Object {
        "className": "react-tagsinput-tag",
        "classNameRemove": "react-tagsinput-remove",
      },
      "validationRegex": /\\.\\*/,
      "value": Array [],
    },
    "ref": null,
    "rendered": null,
    "type": [Function],
  },
  Symbol(enzyme.__nodes__): Array [
    Object {
      "instance": null,
      "key": undefined,
      "nodeType": "class",
      "props": Object {
        "addKeys": Array [
          9,
          13,
        ],
        "addOnBlur": false,
        "addOnPaste": false,
        "className": "react-tagsinput",
        "disabled": false,
        "focusedClassName": "react-tagsinput--focused",
        "inputProps": Object {},
        "maxTags": -1,
        "onChange": [Function],
        "onlyUnique": false,
        "pasteSplit": [Function],
        "preventSubmit": true,
        "removeKeys": Array [
          8,
        ],
        "renderInput": [Function],
        "renderLayout": [Function],
        "renderTag": [Function],
        "tagDisplayProp": null,
        "tagProps": Object {
          "className": "react-tagsinput-tag",
          "classNameRemove": "react-tagsinput-remove",
        },
        "validationRegex": /\\.\\*/,
        "value": Array [],
      },
      "ref": null,
      "rendered": null,
      "type": [Function],
    },
  ],
  Symbol(enzyme.__options__): Object {
    "adapter": ReactSixteenAdapter {
      "options": Object {
        "enableComponentDidUpdateOnSetState": true,
        "lifecycles": Object {
          "componentDidUpdate": Object {
            "onSetState": true,
          },
          "getDerivedStateFromProps": true,
          "getSnapshotBeforeUpdate": true,
          "setState": Object {
            "skipsComponentDidUpdateOnNullish": true,
          },
        },
      },
    },
  },
}
`;
