// Jest Snapshot v1, https://goo.gl/fbAQLP

exports[`<ArticleOptions /> matches snapshort 1`] = `
ShallowWrapper {
  Symbol(enzyme.__root__): [Circular],
  Symbol(enzyme.__unrendered__): <ArticleOptions
    canModify={true}
    handleDelete={[Function]}
    handleLink={[Function]}
  />,
  Symbol(enzyme.__renderer__): Object {
    "batchedUpdates": [Function],
    "getNode": [Function],
    "render": [Function],
    "simulateError": [Function],
    "simulateEvent": [Function],
    "unmount": [Function],
  },
  Symbol(enzyme.__node__): Object {
    "instance": null,
    "key": undefined,
    "nodeType": "host",
    "props": Object {
      "children": Array [
        <RoundButton
          background=""
          hoverClass="hover"
          icon="edit"
          label="Edit Article"
          onClick={[Function]}
        />,
        <RoundButton
          background=""
          hoverClass="hover"
          icon="trash"
          label="Delete Article"
          onClick={[Function]}
        />,
      ],
      "className": "d-flex flex-colomn",
    },
    "ref": null,
    "rendered": Array [
      Object {
        "instance": null,
        "key": undefined,
        "nodeType": "function",
        "props": Object {
          "background": "",
          "hoverClass": "hover",
          "icon": "edit",
          "label": "Edit Article",
          "onClick": [Function],
        },
        "ref": null,
        "rendered": null,
        "type": [Function],
      },
      Object {
        "instance": null,
        "key": undefined,
        "nodeType": "function",
        "props": Object {
          "background": "",
          "hoverClass": "hover",
          "icon": "trash",
          "label": "Delete Article",
          "onClick": [Function],
        },
        "ref": null,
        "rendered": null,
        "type": [Function],
      },
    ],
    "type": "div",
  },
  Symbol(enzyme.__nodes__): Array [
    Object {
      "instance": null,
      "key": undefined,
      "nodeType": "host",
      "props": Object {
        "children": Array [
          <RoundButton
            background=""
            hoverClass="hover"
            icon="edit"
            label="Edit Article"
            onClick={[Function]}
          />,
          <RoundButton
            background=""
            hoverClass="hover"
            icon="trash"
            label="Delete Article"
            onClick={[Function]}
          />,
        ],
        "className": "d-flex flex-colomn",
      },
      "ref": null,
      "rendered": Array [
        Object {
          "instance": null,
          "key": undefined,
          "nodeType": "function",
          "props": Object {
            "background": "",
            "hoverClass": "hover",
            "icon": "edit",
            "label": "Edit Article",
            "onClick": [Function],
          },
          "ref": null,
          "rendered": null,
          "type": [Function],
        },
        Object {
          "instance": null,
          "key": undefined,
          "nodeType": "function",
          "props": Object {
            "background": "",
            "hoverClass": "hover",
            "icon": "trash",
            "label": "Delete Article",
            "onClick": [Function],
          },
          "ref": null,
          "rendered": null,
          "type": [Function],
        },
      ],
      "type": "div",
    },
  ],
  Symbol(enzyme.__options__): Object {
    "adapter": ReactSixteenAdapter {
      "options": Object {
        "enableComponentDidUpdateOnSetState": true,
        "lifecycles": Object {
          "componentDidUpdate": Object {
            "onSetState": true,
          },
          "getDerivedStateFromProps": true,
          "getSnapshotBeforeUpdate": true,
          "setState": Object {
            "skipsComponentDidUpdateOnNullish": true,
          },
        },
      },
    },
  },
}
`;
