// Jest Snapshot v1, https://goo.gl/fbAQLP

exports[`ReplyList test matches snapshot 1`] = `
ShallowWrapper {
  Symbol(enzyme.__root__): [Circular],
  Symbol(enzyme.__unrendered__): <ReplyList
    CommentDislikeAction={[MockFunction]}
    CommentLikeAction={[MockFunction]}
    clickDelete={[MockFunction]}
    clickDisLike={[MockFunction]}
    clickLike={[MockFunction]}
    commentList={Array []}
    isEdit={false}
    parentId={null}
    replyList={Object {}}
    show={[Function]}
    showComBox="d-none"
    showReplies="d-none"
    slug=""
  />,
  Symbol(enzyme.__renderer__): Object {
    "batchedUpdates": [Function],
    "getNode": [Function],
    "render": [Function],
    "simulateError": [Function],
    "simulateEvent": [Function],
    "unmount": [Function],
  },
  Symbol(enzyme.__node__): Object {
    "instance": null,
    "key": undefined,
    "nodeType": "host",
    "props": Object {
      "children": Array [
        Array [],
        <ModalPage
          fallback="/"
          md="12"
          modal={false}
          title="Please first login "
          toggle={[Function]}
        />,
      ],
      "className": undefined,
    },
    "ref": null,
    "rendered": Array [
      Object {
        "instance": null,
        "key": undefined,
        "nodeType": "function",
        "props": Object {
          "fallback": "/",
          "history": undefined,
          "md": "12",
          "modal": false,
          "title": "Please first login ",
          "toggle": [Function],
        },
        "ref": null,
        "rendered": null,
        "type": [Function],
      },
    ],
    "type": "div",
  },
  Symbol(enzyme.__nodes__): Array [
    Object {
      "instance": null,
      "key": undefined,
      "nodeType": "host",
      "props": Object {
        "children": Array [
          Array [],
          <ModalPage
            fallback="/"
            md="12"
            modal={false}
            title="Please first login "
            toggle={[Function]}
          />,
        ],
        "className": undefined,
      },
      "ref": null,
      "rendered": Array [
        Object {
          "instance": null,
          "key": undefined,
          "nodeType": "function",
          "props": Object {
            "fallback": "/",
            "history": undefined,
            "md": "12",
            "modal": false,
            "title": "Please first login ",
            "toggle": [Function],
          },
          "ref": null,
          "rendered": null,
          "type": [Function],
        },
      ],
      "type": "div",
    },
  ],
  Symbol(enzyme.__options__): Object {
    "adapter": ReactSixteenAdapter {
      "options": Object {
        "enableComponentDidUpdateOnSetState": true,
        "lifecycles": Object {
          "componentDidUpdate": Object {
            "onSetState": true,
          },
          "getDerivedStateFromProps": true,
          "getSnapshotBeforeUpdate": true,
          "setState": Object {
            "skipsComponentDidUpdateOnNullish": true,
          },
        },
      },
    },
  },
}
`;

exports[`ReplyList test snapshot LoadNoReply dump component 1`] = `
ShallowWrapper {
  Symbol(enzyme.__root__): [Circular],
  Symbol(enzyme.__unrendered__): <LoadNoReply
    childId={1}
    comment={
      Object {
        "author": Object {
          "image": "url",
        },
      }
    }
    parentId={1}
    username=""
  />,
  Symbol(enzyme.__renderer__): Object {
    "batchedUpdates": [Function],
    "getNode": [Function],
    "render": [Function],
    "simulateError": [Function],
    "simulateEvent": [Function],
    "unmount": [Function],
  },
  Symbol(enzyme.__node__): Object {
    "instance": null,
    "key": undefined,
    "nodeType": "host",
    "props": Object {
      "children": <t
        className="mw-75 ml-5 p-0 mx-1 my-3"
        fluid={true}
        tag="div"
      >
        <t
          className="mw-75 p-0 m-0"
          tag="div"
        >
          <t
            className="mw-75 m-0 p-2 "
            tag="div"
          >
            <h6
              className="comment-body mb-0 col-12"
            />
            <div
              className="col-3 user-info  offset-9 border border-white"
            >
              <div
                className="date"
              >
                <t
                  className="mr-2"
                  color="light"
                  pill={false}
                  tag="span"
                />
                Hours ago
              </div>
              <div
                className="mdc-chip"
              >
                <img
                  alt="Contact Person"
                  className="img-fluid z-depth-1 square mr-2  rounded-circle"
                  src="url"
                />
                
              </div>
            </div>
          </t>
          <CommentEdit />
          <Connect(ReplyList)
            replyList={Object {}}
          />
          <div>
            <Connect(ReplyBox)
              childId={1}
              parentId={1}
            />
          </div>
        </t>
      </t>,
    },
    "ref": null,
    "rendered": Object {
      "instance": null,
      "key": undefined,
      "nodeType": "class",
      "props": Object {
        "children": <t
          className="mw-75 p-0 m-0"
          tag="div"
        >
          <t
            className="mw-75 m-0 p-2 "
            tag="div"
          >
            <h6
              className="comment-body mb-0 col-12"
            />
            <div
              className="col-3 user-info  offset-9 border border-white"
            >
              <div
                className="date"
              >
                <t
                  className="mr-2"
                  color="light"
                  pill={false}
                  tag="span"
                />
                Hours ago
              </div>
              <div
                className="mdc-chip"
              >
                <img
                  alt="Contact Person"
                  className="img-fluid z-depth-1 square mr-2  rounded-circle"
                  src="url"
                />
                
              </div>
            </div>
          </t>
          <CommentEdit />
          <Connect(ReplyList)
            replyList={Object {}}
          />
          <div>
            <Connect(ReplyBox)
              childId={1}
              parentId={1}
            />
          </div>
        </t>,
        "className": "mw-75 ml-5 p-0 mx-1 my-3",
        "fluid": true,
        "tag": "div",
      },
      "ref": null,
      "rendered": Object {
        "instance": null,
        "key": undefined,
        "nodeType": "class",
        "props": Object {
          "children": Array [
            <t
              className="mw-75 m-0 p-2 "
              tag="div"
            >
              <h6
                className="comment-body mb-0 col-12"
              />
              <div
                className="col-3 user-info  offset-9 border border-white"
              >
                <div
                  className="date"
                >
                  <t
                    className="mr-2"
                    color="light"
                    pill={false}
                    tag="span"
                  />
                  Hours ago
                </div>
                <div
                  className="mdc-chip"
                >
                  <img
                    alt="Contact Person"
                    className="img-fluid z-depth-1 square mr-2  rounded-circle"
                    src="url"
                  />
                  
                </div>
              </div>
            </t>,
            <CommentEdit />,
            <Connect(ReplyList)
              replyList={Object {}}
            />,
            <div>
              <Connect(ReplyBox)
                childId={1}
                parentId={1}
              />
            </div>,
          ],
          "className": "mw-75 p-0 m-0",
          "tag": "div",
        },
        "ref": null,
        "rendered": Array [
          Object {
            "instance": null,
            "key": undefined,
            "nodeType": "class",
            "props": Object {
              "children": Array [
                <h6
                  className="comment-body mb-0 col-12"
                />,
                <div
                  className="col-3 user-info  offset-9 border border-white"
                >
                  <div
                    className="date"
                  >
                    <t
                      className="mr-2"
                      color="light"
                      pill={false}
                      tag="span"
                    />
                    Hours ago
                  </div>
                  <div
                    className="mdc-chip"
                  >
                    <img
                      alt="Contact Person"
                      className="img-fluid z-depth-1 square mr-2  rounded-circle"
                      src="url"
                    />
                    
                  </div>
                </div>,
              ],
              "className": "mw-75 m-0 p-2 ",
              "tag": "div",
            },
            "ref": null,
            "rendered": Array [
              Object {
                "instance": null,
                "key": undefined,
                "nodeType": "host",
                "props": Object {
                  "children": undefined,
                  "className": "comment-body mb-0 col-12",
                },
                "ref": null,
                "rendered": null,
                "type": "h6",
              },
              Object {
                "instance": null,
                "key": undefined,
                "nodeType": "host",
                "props": Object {
                  "children": Array [
                    <div
                      className="date"
                    >
                      <t
                        className="mr-2"
                        color="light"
                        pill={false}
                        tag="span"
                      />
                      Hours ago
                    </div>,
                    <div
                      className="mdc-chip"
                    >
                      <img
                        alt="Contact Person"
                        className="img-fluid z-depth-1 square mr-2  rounded-circle"
                        src="url"
                      />
                      
                    </div>,
                  ],
                  "className": "col-3 user-info  offset-9 border border-white",
                },
                "ref": null,
                "rendered": Array [
                  Object {
                    "instance": null,
                    "key": undefined,
                    "nodeType": "host",
                    "props": Object {
                      "children": Array [
                        <t
                          className="mr-2"
                          color="light"
                          pill={false}
                          tag="span"
                        />,
                        "Hours ago",
                      ],
                      "className": "date",
                    },
                    "ref": null,
                    "rendered": Array [
                      Object {
                        "instance": null,
                        "key": undefined,
                        "nodeType": "class",
                        "props": Object {
                          "children": undefined,
                          "className": "mr-2",
                          "color": "light",
                          "pill": false,
                          "tag": "span",
                        },
                        "ref": null,
                        "rendered": null,
                        "type": [Function],
                      },
                      "Hours ago",
                    ],
                    "type": "div",
                  },
                  Object {
                    "instance": null,
                    "key": undefined,
                    "nodeType": "host",
                    "props": Object {
                      "children": Array [
                        <img
                          alt="Contact Person"
                          className="img-fluid z-depth-1 square mr-2  rounded-circle"
                          src="url"
                        />,
                        "",
                      ],
                      "className": "mdc-chip",
                    },
                    "ref": null,
                    "rendered": Array [
                      Object {
                        "instance": null,
                        "key": undefined,
                        "nodeType": "host",
                        "props": Object {
                          "alt": "Contact Person",
                          "className": "img-fluid z-depth-1 square mr-2  rounded-circle",
                          "src": "url",
                        },
                        "ref": null,
                        "rendered": null,
                        "type": "img",
                      },
                      "",
                    ],
                    "type": "div",
                  },
                ],
                "type": "div",
              },
            ],
            "type": [Function],
          },
          Object {
            "instance": null,
            "key": undefined,
            "nodeType": "function",
            "props": Object {
              "clickDelete": undefined,
              "clickDisLike": undefined,
              "clickEdit": undefined,
              "clickLike": undefined,
              "clickReply": undefined,
              "id": undefined,
              "likes": undefined,
            },
            "ref": null,
            "rendered": null,
            "type": [Function],
          },
          Object {
            "instance": null,
            "key": undefined,
            "nodeType": "class",
            "props": Object {
              "parentId": undefined,
              "replyList": Object {},
            },
            "ref": null,
            "rendered": null,
            "type": [Function],
          },
          Object {
            "instance": null,
            "key": undefined,
            "nodeType": "host",
            "props": Object {
              "children": <Connect(ReplyBox)
                childId={1}
                parentId={1}
              />,
              "className": undefined,
            },
            "ref": null,
            "rendered": Object {
              "instance": null,
              "key": undefined,
              "nodeType": "class",
              "props": Object {
                "childId": 1,
                "isEdit": undefined,
                "parentId": 1,
              },
              "ref": null,
              "rendered": null,
              "type": [Function],
            },
            "type": "div",
          },
        ],
        "type": [Function],
      },
      "type": [Function],
    },
    "type": "div",
  },
  Symbol(enzyme.__nodes__): Array [
    Object {
      "instance": null,
      "key": undefined,
      "nodeType": "host",
      "props": Object {
        "children": <t
          className="mw-75 ml-5 p-0 mx-1 my-3"
          fluid={true}
          tag="div"
        >
          <t
            className="mw-75 p-0 m-0"
            tag="div"
          >
            <t
              className="mw-75 m-0 p-2 "
              tag="div"
            >
              <h6
                className="comment-body mb-0 col-12"
              />
              <div
                className="col-3 user-info  offset-9 border border-white"
              >
                <div
                  className="date"
                >
                  <t
                    className="mr-2"
                    color="light"
                    pill={false}
                    tag="span"
                  />
                  Hours ago
                </div>
                <div
                  className="mdc-chip"
                >
                  <img
                    alt="Contact Person"
                    className="img-fluid z-depth-1 square mr-2  rounded-circle"
                    src="url"
                  />
                  
                </div>
              </div>
            </t>
            <CommentEdit />
            <Connect(ReplyList)
              replyList={Object {}}
            />
            <div>
              <Connect(ReplyBox)
                childId={1}
                parentId={1}
              />
            </div>
          </t>
        </t>,
      },
      "ref": null,
      "rendered": Object {
        "instance": null,
        "key": undefined,
        "nodeType": "class",
        "props": Object {
          "children": <t
            className="mw-75 p-0 m-0"
            tag="div"
          >
            <t
              className="mw-75 m-0 p-2 "
              tag="div"
            >
              <h6
                className="comment-body mb-0 col-12"
              />
              <div
                className="col-3 user-info  offset-9 border border-white"
              >
                <div
                  className="date"
                >
                  <t
                    className="mr-2"
                    color="light"
                    pill={false}
                    tag="span"
                  />
                  Hours ago
                </div>
                <div
                  className="mdc-chip"
                >
                  <img
                    alt="Contact Person"
                    className="img-fluid z-depth-1 square mr-2  rounded-circle"
                    src="url"
                  />
                  
                </div>
              </div>
            </t>
            <CommentEdit />
            <Connect(ReplyList)
              replyList={Object {}}
            />
            <div>
              <Connect(ReplyBox)
                childId={1}
                parentId={1}
              />
            </div>
          </t>,
          "className": "mw-75 ml-5 p-0 mx-1 my-3",
          "fluid": true,
          "tag": "div",
        },
        "ref": null,
        "rendered": Object {
          "instance": null,
          "key": undefined,
          "nodeType": "class",
          "props": Object {
            "children": Array [
              <t
                className="mw-75 m-0 p-2 "
                tag="div"
              >
                <h6
                  className="comment-body mb-0 col-12"
                />
                <div
                  className="col-3 user-info  offset-9 border border-white"
                >
                  <div
                    className="date"
                  >
                    <t
                      className="mr-2"
                      color="light"
                      pill={false}
                      tag="span"
                    />
                    Hours ago
                  </div>
                  <div
                    className="mdc-chip"
                  >
                    <img
                      alt="Contact Person"
                      className="img-fluid z-depth-1 square mr-2  rounded-circle"
                      src="url"
                    />
                    
                  </div>
                </div>
              </t>,
              <CommentEdit />,
              <Connect(ReplyList)
                replyList={Object {}}
              />,
              <div>
                <Connect(ReplyBox)
                  childId={1}
                  parentId={1}
                />
              </div>,
            ],
            "className": "mw-75 p-0 m-0",
            "tag": "div",
          },
          "ref": null,
          "rendered": Array [
            Object {
              "instance": null,
              "key": undefined,
              "nodeType": "class",
              "props": Object {
                "children": Array [
                  <h6
                    className="comment-body mb-0 col-12"
                  />,
                  <div
                    className="col-3 user-info  offset-9 border border-white"
                  >
                    <div
                      className="date"
                    >
                      <t
                        className="mr-2"
                        color="light"
                        pill={false}
                        tag="span"
                      />
                      Hours ago
                    </div>
                    <div
                      className="mdc-chip"
                    >
                      <img
                        alt="Contact Person"
                        className="img-fluid z-depth-1 square mr-2  rounded-circle"
                        src="url"
                      />
                      
                    </div>
                  </div>,
                ],
                "className": "mw-75 m-0 p-2 ",
                "tag": "div",
              },
              "ref": null,
              "rendered": Array [
                Object {
                  "instance": null,
                  "key": undefined,
                  "nodeType": "host",
                  "props": Object {
                    "children": undefined,
                    "className": "comment-body mb-0 col-12",
                  },
                  "ref": null,
                  "rendered": null,
                  "type": "h6",
                },
                Object {
                  "instance": null,
                  "key": undefined,
                  "nodeType": "host",
                  "props": Object {
                    "children": Array [
                      <div
                        className="date"
                      >
                        <t
                          className="mr-2"
                          color="light"
                          pill={false}
                          tag="span"
                        />
                        Hours ago
                      </div>,
                      <div
                        className="mdc-chip"
                      >
                        <img
                          alt="Contact Person"
                          className="img-fluid z-depth-1 square mr-2  rounded-circle"
                          src="url"
                        />
                        
                      </div>,
                    ],
                    "className": "col-3 user-info  offset-9 border border-white",
                  },
                  "ref": null,
                  "rendered": Array [
                    Object {
                      "instance": null,
                      "key": undefined,
                      "nodeType": "host",
                      "props": Object {
                        "children": Array [
                          <t
                            className="mr-2"
                            color="light"
                            pill={false}
                            tag="span"
                          />,
                          "Hours ago",
                        ],
                        "className": "date",
                      },
                      "ref": null,
                      "rendered": Array [
                        Object {
                          "instance": null,
                          "key": undefined,
                          "nodeType": "class",
                          "props": Object {
                            "children": undefined,
                            "className": "mr-2",
                            "color": "light",
                            "pill": false,
                            "tag": "span",
                          },
                          "ref": null,
                          "rendered": null,
                          "type": [Function],
                        },
                        "Hours ago",
                      ],
                      "type": "div",
                    },
                    Object {
                      "instance": null,
                      "key": undefined,
                      "nodeType": "host",
                      "props": Object {
                        "children": Array [
                          <img
                            alt="Contact Person"
                            className="img-fluid z-depth-1 square mr-2  rounded-circle"
                            src="url"
                          />,
                          "",
                        ],
                        "className": "mdc-chip",
                      },
                      "ref": null,
                      "rendered": Array [
                        Object {
                          "instance": null,
                          "key": undefined,
                          "nodeType": "host",
                          "props": Object {
                            "alt": "Contact Person",
                            "className": "img-fluid z-depth-1 square mr-2  rounded-circle",
                            "src": "url",
                          },
                          "ref": null,
                          "rendered": null,
                          "type": "img",
                        },
                        "",
                      ],
                      "type": "div",
                    },
                  ],
                  "type": "div",
                },
              ],
              "type": [Function],
            },
            Object {
              "instance": null,
              "key": undefined,
              "nodeType": "function",
              "props": Object {
                "clickDelete": undefined,
                "clickDisLike": undefined,
                "clickEdit": undefined,
                "clickLike": undefined,
                "clickReply": undefined,
                "id": undefined,
                "likes": undefined,
              },
              "ref": null,
              "rendered": null,
              "type": [Function],
            },
            Object {
              "instance": null,
              "key": undefined,
              "nodeType": "class",
              "props": Object {
                "parentId": undefined,
                "replyList": Object {},
              },
              "ref": null,
              "rendered": null,
              "type": [Function],
            },
            Object {
              "instance": null,
              "key": undefined,
              "nodeType": "host",
              "props": Object {
                "children": <Connect(ReplyBox)
                  childId={1}
                  parentId={1}
                />,
                "className": undefined,
              },
              "ref": null,
              "rendered": Object {
                "instance": null,
                "key": undefined,
                "nodeType": "class",
                "props": Object {
                  "childId": 1,
                  "isEdit": undefined,
                  "parentId": 1,
                },
                "ref": null,
                "rendered": null,
                "type": [Function],
              },
              "type": "div",
            },
          ],
          "type": [Function],
        },
        "type": [Function],
      },
      "type": "div",
    },
  ],
  Symbol(enzyme.__options__): Object {
    "adapter": ReactSixteenAdapter {
      "options": Object {
        "enableComponentDidUpdateOnSetState": true,
        "lifecycles": Object {
          "componentDidUpdate": Object {
            "onSetState": true,
          },
          "getDerivedStateFromProps": true,
          "getSnapshotBeforeUpdate": true,
          "setState": Object {
            "skipsComponentDidUpdateOnNullish": true,
          },
        },
      },
    },
  },
}
`;
