// Jest Snapshot v1, https://goo.gl/fbAQLP

exports[`<ArticleList> matches snapshort 1`] = `
ShallowWrapper {
  Symbol(enzyme.__root__): [Circular],
  Symbol(enzyme.__unrendered__): <ArticleList
    articles={Array []}
    author={
      Object {
        "username": "henry",
      }
    }
    body="this is body"
    description="description"
    fullArticle={Object {}}
    getArticles={[Function]}
    getTags={[Function]}
    results={Object {}}
    tags={Array []}
    title="title"
  />,
  Symbol(enzyme.__renderer__): Object {
    "batchedUpdates": [Function],
    "getNode": [Function],
    "render": [Function],
    "simulateError": [Function],
    "simulateEvent": [Function],
    "unmount": [Function],
  },
  Symbol(enzyme.__node__): Object {
    "instance": null,
    "key": undefined,
    "nodeType": "host",
    "props": Object {
      "children": <h1
        className="d-flex justify-content-center"
        style={
          Object {
            "marginTop": "20%",
          }
        }
      >
        There are no articles for this search
      </h1>,
    },
    "ref": null,
    "rendered": Object {
      "instance": null,
      "key": undefined,
      "nodeType": "host",
      "props": Object {
        "children": "There are no articles for this search",
        "className": "d-flex justify-content-center",
        "style": Object {
          "marginTop": "20%",
        },
      },
      "ref": null,
      "rendered": "There are no articles for this search",
      "type": "h1",
    },
    "type": "div",
  },
  Symbol(enzyme.__nodes__): Array [
    Object {
      "instance": null,
      "key": undefined,
      "nodeType": "host",
      "props": Object {
        "children": <h1
          className="d-flex justify-content-center"
          style={
            Object {
              "marginTop": "20%",
            }
          }
        >
          There are no articles for this search
        </h1>,
      },
      "ref": null,
      "rendered": Object {
        "instance": null,
        "key": undefined,
        "nodeType": "host",
        "props": Object {
          "children": "There are no articles for this search",
          "className": "d-flex justify-content-center",
          "style": Object {
            "marginTop": "20%",
          },
        },
        "ref": null,
        "rendered": "There are no articles for this search",
        "type": "h1",
      },
      "type": "div",
    },
  ],
  Symbol(enzyme.__options__): Object {
    "adapter": ReactSixteenAdapter {
      "options": Object {
        "enableComponentDidUpdateOnSetState": true,
        "lifecycles": Object {
          "componentDidUpdate": Object {
            "onSetState": true,
          },
          "getDerivedStateFromProps": true,
          "getSnapshotBeforeUpdate": true,
          "setState": Object {
            "skipsComponentDidUpdateOnNullish": true,
          },
        },
      },
    },
  },
}
`;
