// Jest Snapshot v1, https://goo.gl/fbAQLP

exports[`Test if ReadingStats component mounts Reading stats should render 1`] = `
ShallowWrapper {
  Symbol(enzyme.__root__): [Circular],
  Symbol(enzyme.__unrendered__): <ReadingStats
    article={
      Object {
        "read_count": "",
        "title": "",
        "view_count": "",
      }
    }
  />,
  Symbol(enzyme.__renderer__): Object {
    "batchedUpdates": [Function],
    "getNode": [Function],
    "render": [Function],
    "simulateError": [Function],
    "simulateEvent": [Function],
    "unmount": [Function],
  },
  Symbol(enzyme.__node__): Object {
    "instance": null,
    "key": undefined,
    "nodeType": "class",
    "props": Object {
      "children": <t
        className="flex flex-center"
        lg={null}
        md={null}
        sm={null}
        tag="div"
        xl={null}
        xs={null}
      >
        <t
          className="w-50"
          tag="div"
        >
          <t
            tag="div"
          >
            <t
              tag="p"
            >
              <t
                tag="div"
              >
                <t
                  lg={null}
                  md={null}
                  size="8"
                  sm={null}
                  tag="div"
                  xl={null}
                  xs={null}
                >
                  <h3
                    className="font-weight-bold mb-3 p-0"
                  >
                    
                  </h3>
                </t>
                <t
                  lg={null}
                  md={null}
                  size="2"
                  sm={null}
                  tag="div"
                  xl={null}
                  xs={null}
                >
                  <h1
                    className="font-weight-bold mb-3 p-0 black-text"
                  >
                    
                  </h1>
                  <span
                    className="black-text"
                  >
                    reads
                  </span>
                </t>
                <t
                  lg={null}
                  md={null}
                  sm={null}
                  tag="div"
                  xl={null}
                  xs={null}
                >
                  <h1
                    className="font-weight-bold mb-3 p-0 black-text"
                  >
                    
                  </h1>
                  <span
                    className="black-text"
                  >
                    views
                  </span>
                </t>
              </t>
            </t>
          </t>
        </t>
      </t>,
      "fluid": false,
      "tag": "div",
    },
    "ref": null,
    "rendered": Object {
      "instance": null,
      "key": undefined,
      "nodeType": "class",
      "props": Object {
        "children": <t
          className="w-50"
          tag="div"
        >
          <t
            tag="div"
          >
            <t
              tag="p"
            >
              <t
                tag="div"
              >
                <t
                  lg={null}
                  md={null}
                  size="8"
                  sm={null}
                  tag="div"
                  xl={null}
                  xs={null}
                >
                  <h3
                    className="font-weight-bold mb-3 p-0"
                  >
                    
                  </h3>
                </t>
                <t
                  lg={null}
                  md={null}
                  size="2"
                  sm={null}
                  tag="div"
                  xl={null}
                  xs={null}
                >
                  <h1
                    className="font-weight-bold mb-3 p-0 black-text"
                  >
                    
                  </h1>
                  <span
                    className="black-text"
                  >
                    reads
                  </span>
                </t>
                <t
                  lg={null}
                  md={null}
                  sm={null}
                  tag="div"
                  xl={null}
                  xs={null}
                >
                  <h1
                    className="font-weight-bold mb-3 p-0 black-text"
                  >
                    
                  </h1>
                  <span
                    className="black-text"
                  >
                    views
                  </span>
                </t>
              </t>
            </t>
          </t>
        </t>,
        "className": "flex flex-center",
        "lg": null,
        "md": null,
        "sm": null,
        "tag": "div",
        "xl": null,
        "xs": null,
      },
      "ref": null,
      "rendered": Object {
        "instance": null,
        "key": undefined,
        "nodeType": "class",
        "props": Object {
          "children": <t
            tag="div"
          >
            <t
              tag="p"
            >
              <t
                tag="div"
              >
                <t
                  lg={null}
                  md={null}
                  size="8"
                  sm={null}
                  tag="div"
                  xl={null}
                  xs={null}
                >
                  <h3
                    className="font-weight-bold mb-3 p-0"
                  >
                    
                  </h3>
                </t>
                <t
                  lg={null}
                  md={null}
                  size="2"
                  sm={null}
                  tag="div"
                  xl={null}
                  xs={null}
                >
                  <h1
                    className="font-weight-bold mb-3 p-0 black-text"
                  >
                    
                  </h1>
                  <span
                    className="black-text"
                  >
                    reads
                  </span>
                </t>
                <t
                  lg={null}
                  md={null}
                  sm={null}
                  tag="div"
                  xl={null}
                  xs={null}
                >
                  <h1
                    className="font-weight-bold mb-3 p-0 black-text"
                  >
                    
                  </h1>
                  <span
                    className="black-text"
                  >
                    views
                  </span>
                </t>
              </t>
            </t>
          </t>,
          "className": "w-50",
          "tag": "div",
        },
        "ref": null,
        "rendered": Object {
          "instance": null,
          "key": undefined,
          "nodeType": "class",
          "props": Object {
            "children": <t
              tag="p"
            >
              <t
                tag="div"
              >
                <t
                  lg={null}
                  md={null}
                  size="8"
                  sm={null}
                  tag="div"
                  xl={null}
                  xs={null}
                >
                  <h3
                    className="font-weight-bold mb-3 p-0"
                  >
                    
                  </h3>
                </t>
                <t
                  lg={null}
                  md={null}
                  size="2"
                  sm={null}
                  tag="div"
                  xl={null}
                  xs={null}
                >
                  <h1
                    className="font-weight-bold mb-3 p-0 black-text"
                  >
                    
                  </h1>
                  <span
                    className="black-text"
                  >
                    reads
                  </span>
                </t>
                <t
                  lg={null}
                  md={null}
                  sm={null}
                  tag="div"
                  xl={null}
                  xs={null}
                >
                  <h1
                    className="font-weight-bold mb-3 p-0 black-text"
                  >
                    
                  </h1>
                  <span
                    className="black-text"
                  >
                    views
                  </span>
                </t>
              </t>
            </t>,
            "tag": "div",
          },
          "ref": null,
          "rendered": Object {
            "instance": null,
            "key": undefined,
            "nodeType": "class",
            "props": Object {
              "children": <t
                tag="div"
              >
                <t
                  lg={null}
                  md={null}
                  size="8"
                  sm={null}
                  tag="div"
                  xl={null}
                  xs={null}
                >
                  <h3
                    className="font-weight-bold mb-3 p-0"
                  >
                    
                  </h3>
                </t>
                <t
                  lg={null}
                  md={null}
                  size="2"
                  sm={null}
                  tag="div"
                  xl={null}
                  xs={null}
                >
                  <h1
                    className="font-weight-bold mb-3 p-0 black-text"
                  >
                    
                  </h1>
                  <span
                    className="black-text"
                  >
                    reads
                  </span>
                </t>
                <t
                  lg={null}
                  md={null}
                  sm={null}
                  tag="div"
                  xl={null}
                  xs={null}
                >
                  <h1
                    className="font-weight-bold mb-3 p-0 black-text"
                  >
                    
                  </h1>
                  <span
                    className="black-text"
                  >
                    views
                  </span>
                </t>
              </t>,
              "tag": "p",
            },
            "ref": null,
            "rendered": Object {
              "instance": null,
              "key": undefined,
              "nodeType": "class",
              "props": Object {
                "children": Array [
                  <t
                    lg={null}
                    md={null}
                    size="8"
                    sm={null}
                    tag="div"
                    xl={null}
                    xs={null}
                  >
                    <h3
                      className="font-weight-bold mb-3 p-0"
                    >
                      
                    </h3>
                  </t>,
                  <t
                    lg={null}
                    md={null}
                    size="2"
                    sm={null}
                    tag="div"
                    xl={null}
                    xs={null}
                  >
                    <h1
                      className="font-weight-bold mb-3 p-0 black-text"
                    >
                      
                    </h1>
                    <span
                      className="black-text"
                    >
                      reads
                    </span>
                  </t>,
                  <t
                    lg={null}
                    md={null}
                    sm={null}
                    tag="div"
                    xl={null}
                    xs={null}
                  >
                    <h1
                      className="font-weight-bold mb-3 p-0 black-text"
                    >
                      
                    </h1>
                    <span
                      className="black-text"
                    >
                      views
                    </span>
                  </t>,
                ],
                "tag": "div",
              },
              "ref": null,
              "rendered": Array [
                Object {
                  "instance": null,
                  "key": undefined,
                  "nodeType": "class",
                  "props": Object {
                    "children": <h3
                      className="font-weight-bold mb-3 p-0"
                    >
                      
                    </h3>,
                    "lg": null,
                    "md": null,
                    "size": "8",
                    "sm": null,
                    "tag": "div",
                    "xl": null,
                    "xs": null,
                  },
                  "ref": null,
                  "rendered": Object {
                    "instance": null,
                    "key": undefined,
                    "nodeType": "host",
                    "props": Object {
                      "children": "",
                      "className": "font-weight-bold mb-3 p-0",
                    },
                    "ref": null,
                    "rendered": "",
                    "type": "h3",
                  },
                  "type": [Function],
                },
                Object {
                  "instance": null,
                  "key": undefined,
                  "nodeType": "class",
                  "props": Object {
                    "children": Array [
                      <h1
                        className="font-weight-bold mb-3 p-0 black-text"
                      >
                        
                      </h1>,
                      <span
                        className="black-text"
                      >
                        reads
                      </span>,
                    ],
                    "lg": null,
                    "md": null,
                    "size": "2",
                    "sm": null,
                    "tag": "div",
                    "xl": null,
                    "xs": null,
                  },
                  "ref": null,
                  "rendered": Array [
                    Object {
                      "instance": null,
                      "key": undefined,
                      "nodeType": "host",
                      "props": Object {
                        "children": "",
                        "className": "font-weight-bold mb-3 p-0 black-text",
                      },
                      "ref": null,
                      "rendered": "",
                      "type": "h1",
                    },
                    Object {
                      "instance": null,
                      "key": undefined,
                      "nodeType": "host",
                      "props": Object {
                        "children": "reads",
                        "className": "black-text",
                      },
                      "ref": null,
                      "rendered": "reads",
                      "type": "span",
                    },
                  ],
                  "type": [Function],
                },
                Object {
                  "instance": null,
                  "key": undefined,
                  "nodeType": "class",
                  "props": Object {
                    "children": Array [
                      <h1
                        className="font-weight-bold mb-3 p-0 black-text"
                      >
                        
                      </h1>,
                      <span
                        className="black-text"
                      >
                        views
                      </span>,
                    ],
                    "lg": null,
                    "md": null,
                    "sm": null,
                    "tag": "div",
                    "xl": null,
                    "xs": null,
                  },
                  "ref": null,
                  "rendered": Array [
                    Object {
                      "instance": null,
                      "key": undefined,
                      "nodeType": "host",
                      "props": Object {
                        "children": "",
                        "className": "font-weight-bold mb-3 p-0 black-text",
                      },
                      "ref": null,
                      "rendered": "",
                      "type": "h1",
                    },
                    Object {
                      "instance": null,
                      "key": undefined,
                      "nodeType": "host",
                      "props": Object {
                        "children": "views",
                        "className": "black-text",
                      },
                      "ref": null,
                      "rendered": "views",
                      "type": "span",
                    },
                  ],
                  "type": [Function],
                },
              ],
              "type": [Function],
            },
            "type": [Function],
          },
          "type": [Function],
        },
        "type": [Function],
      },
      "type": [Function],
    },
    "type": [Function],
  },
  Symbol(enzyme.__nodes__): Array [
    Object {
      "instance": null,
      "key": undefined,
      "nodeType": "class",
      "props": Object {
        "children": <t
          className="flex flex-center"
          lg={null}
          md={null}
          sm={null}
          tag="div"
          xl={null}
          xs={null}
        >
          <t
            className="w-50"
            tag="div"
          >
            <t
              tag="div"
            >
              <t
                tag="p"
              >
                <t
                  tag="div"
                >
                  <t
                    lg={null}
                    md={null}
                    size="8"
                    sm={null}
                    tag="div"
                    xl={null}
                    xs={null}
                  >
                    <h3
                      className="font-weight-bold mb-3 p-0"
                    >
                      
                    </h3>
                  </t>
                  <t
                    lg={null}
                    md={null}
                    size="2"
                    sm={null}
                    tag="div"
                    xl={null}
                    xs={null}
                  >
                    <h1
                      className="font-weight-bold mb-3 p-0 black-text"
                    >
                      
                    </h1>
                    <span
                      className="black-text"
                    >
                      reads
                    </span>
                  </t>
                  <t
                    lg={null}
                    md={null}
                    sm={null}
                    tag="div"
                    xl={null}
                    xs={null}
                  >
                    <h1
                      className="font-weight-bold mb-3 p-0 black-text"
                    >
                      
                    </h1>
                    <span
                      className="black-text"
                    >
                      views
                    </span>
                  </t>
                </t>
              </t>
            </t>
          </t>
        </t>,
        "fluid": false,
        "tag": "div",
      },
      "ref": null,
      "rendered": Object {
        "instance": null,
        "key": undefined,
        "nodeType": "class",
        "props": Object {
          "children": <t
            className="w-50"
            tag="div"
          >
            <t
              tag="div"
            >
              <t
                tag="p"
              >
                <t
                  tag="div"
                >
                  <t
                    lg={null}
                    md={null}
                    size="8"
                    sm={null}
                    tag="div"
                    xl={null}
                    xs={null}
                  >
                    <h3
                      className="font-weight-bold mb-3 p-0"
                    >
                      
                    </h3>
                  </t>
                  <t
                    lg={null}
                    md={null}
                    size="2"
                    sm={null}
                    tag="div"
                    xl={null}
                    xs={null}
                  >
                    <h1
                      className="font-weight-bold mb-3 p-0 black-text"
                    >
                      
                    </h1>
                    <span
                      className="black-text"
                    >
                      reads
                    </span>
                  </t>
                  <t
                    lg={null}
                    md={null}
                    sm={null}
                    tag="div"
                    xl={null}
                    xs={null}
                  >
                    <h1
                      className="font-weight-bold mb-3 p-0 black-text"
                    >
                      
                    </h1>
                    <span
                      className="black-text"
                    >
                      views
                    </span>
                  </t>
                </t>
              </t>
            </t>
          </t>,
          "className": "flex flex-center",
          "lg": null,
          "md": null,
          "sm": null,
          "tag": "div",
          "xl": null,
          "xs": null,
        },
        "ref": null,
        "rendered": Object {
          "instance": null,
          "key": undefined,
          "nodeType": "class",
          "props": Object {
            "children": <t
              tag="div"
            >
              <t
                tag="p"
              >
                <t
                  tag="div"
                >
                  <t
                    lg={null}
                    md={null}
                    size="8"
                    sm={null}
                    tag="div"
                    xl={null}
                    xs={null}
                  >
                    <h3
                      className="font-weight-bold mb-3 p-0"
                    >
                      
                    </h3>
                  </t>
                  <t
                    lg={null}
                    md={null}
                    size="2"
                    sm={null}
                    tag="div"
                    xl={null}
                    xs={null}
                  >
                    <h1
                      className="font-weight-bold mb-3 p-0 black-text"
                    >
                      
                    </h1>
                    <span
                      className="black-text"
                    >
                      reads
                    </span>
                  </t>
                  <t
                    lg={null}
                    md={null}
                    sm={null}
                    tag="div"
                    xl={null}
                    xs={null}
                  >
                    <h1
                      className="font-weight-bold mb-3 p-0 black-text"
                    >
                      
                    </h1>
                    <span
                      className="black-text"
                    >
                      views
                    </span>
                  </t>
                </t>
              </t>
            </t>,
            "className": "w-50",
            "tag": "div",
          },
          "ref": null,
          "rendered": Object {
            "instance": null,
            "key": undefined,
            "nodeType": "class",
            "props": Object {
              "children": <t
                tag="p"
              >
                <t
                  tag="div"
                >
                  <t
                    lg={null}
                    md={null}
                    size="8"
                    sm={null}
                    tag="div"
                    xl={null}
                    xs={null}
                  >
                    <h3
                      className="font-weight-bold mb-3 p-0"
                    >
                      
                    </h3>
                  </t>
                  <t
                    lg={null}
                    md={null}
                    size="2"
                    sm={null}
                    tag="div"
                    xl={null}
                    xs={null}
                  >
                    <h1
                      className="font-weight-bold mb-3 p-0 black-text"
                    >
                      
                    </h1>
                    <span
                      className="black-text"
                    >
                      reads
                    </span>
                  </t>
                  <t
                    lg={null}
                    md={null}
                    sm={null}
                    tag="div"
                    xl={null}
                    xs={null}
                  >
                    <h1
                      className="font-weight-bold mb-3 p-0 black-text"
                    >
                      
                    </h1>
                    <span
                      className="black-text"
                    >
                      views
                    </span>
                  </t>
                </t>
              </t>,
              "tag": "div",
            },
            "ref": null,
            "rendered": Object {
              "instance": null,
              "key": undefined,
              "nodeType": "class",
              "props": Object {
                "children": <t
                  tag="div"
                >
                  <t
                    lg={null}
                    md={null}
                    size="8"
                    sm={null}
                    tag="div"
                    xl={null}
                    xs={null}
                  >
                    <h3
                      className="font-weight-bold mb-3 p-0"
                    >
                      
                    </h3>
                  </t>
                  <t
                    lg={null}
                    md={null}
                    size="2"
                    sm={null}
                    tag="div"
                    xl={null}
                    xs={null}
                  >
                    <h1
                      className="font-weight-bold mb-3 p-0 black-text"
                    >
                      
                    </h1>
                    <span
                      className="black-text"
                    >
                      reads
                    </span>
                  </t>
                  <t
                    lg={null}
                    md={null}
                    sm={null}
                    tag="div"
                    xl={null}
                    xs={null}
                  >
                    <h1
                      className="font-weight-bold mb-3 p-0 black-text"
                    >
                      
                    </h1>
                    <span
                      className="black-text"
                    >
                      views
                    </span>
                  </t>
                </t>,
                "tag": "p",
              },
              "ref": null,
              "rendered": Object {
                "instance": null,
                "key": undefined,
                "nodeType": "class",
                "props": Object {
                  "children": Array [
                    <t
                      lg={null}
                      md={null}
                      size="8"
                      sm={null}
                      tag="div"
                      xl={null}
                      xs={null}
                    >
                      <h3
                        className="font-weight-bold mb-3 p-0"
                      >
                        
                      </h3>
                    </t>,
                    <t
                      lg={null}
                      md={null}
                      size="2"
                      sm={null}
                      tag="div"
                      xl={null}
                      xs={null}
                    >
                      <h1
                        className="font-weight-bold mb-3 p-0 black-text"
                      >
                        
                      </h1>
                      <span
                        className="black-text"
                      >
                        reads
                      </span>
                    </t>,
                    <t
                      lg={null}
                      md={null}
                      sm={null}
                      tag="div"
                      xl={null}
                      xs={null}
                    >
                      <h1
                        className="font-weight-bold mb-3 p-0 black-text"
                      >
                        
                      </h1>
                      <span
                        className="black-text"
                      >
                        views
                      </span>
                    </t>,
                  ],
                  "tag": "div",
                },
                "ref": null,
                "rendered": Array [
                  Object {
                    "instance": null,
                    "key": undefined,
                    "nodeType": "class",
                    "props": Object {
                      "children": <h3
                        className="font-weight-bold mb-3 p-0"
                      >
                        
                      </h3>,
                      "lg": null,
                      "md": null,
                      "size": "8",
                      "sm": null,
                      "tag": "div",
                      "xl": null,
                      "xs": null,
                    },
                    "ref": null,
                    "rendered": Object {
                      "instance": null,
                      "key": undefined,
                      "nodeType": "host",
                      "props": Object {
                        "children": "",
                        "className": "font-weight-bold mb-3 p-0",
                      },
                      "ref": null,
                      "rendered": "",
                      "type": "h3",
                    },
                    "type": [Function],
                  },
                  Object {
                    "instance": null,
                    "key": undefined,
                    "nodeType": "class",
                    "props": Object {
                      "children": Array [
                        <h1
                          className="font-weight-bold mb-3 p-0 black-text"
                        >
                          
                        </h1>,
                        <span
                          className="black-text"
                        >
                          reads
                        </span>,
                      ],
                      "lg": null,
                      "md": null,
                      "size": "2",
                      "sm": null,
                      "tag": "div",
                      "xl": null,
                      "xs": null,
                    },
                    "ref": null,
                    "rendered": Array [
                      Object {
                        "instance": null,
                        "key": undefined,
                        "nodeType": "host",
                        "props": Object {
                          "children": "",
                          "className": "font-weight-bold mb-3 p-0 black-text",
                        },
                        "ref": null,
                        "rendered": "",
                        "type": "h1",
                      },
                      Object {
                        "instance": null,
                        "key": undefined,
                        "nodeType": "host",
                        "props": Object {
                          "children": "reads",
                          "className": "black-text",
                        },
                        "ref": null,
                        "rendered": "reads",
                        "type": "span",
                      },
                    ],
                    "type": [Function],
                  },
                  Object {
                    "instance": null,
                    "key": undefined,
                    "nodeType": "class",
                    "props": Object {
                      "children": Array [
                        <h1
                          className="font-weight-bold mb-3 p-0 black-text"
                        >
                          
                        </h1>,
                        <span
                          className="black-text"
                        >
                          views
                        </span>,
                      ],
                      "lg": null,
                      "md": null,
                      "sm": null,
                      "tag": "div",
                      "xl": null,
                      "xs": null,
                    },
                    "ref": null,
                    "rendered": Array [
                      Object {
                        "instance": null,
                        "key": undefined,
                        "nodeType": "host",
                        "props": Object {
                          "children": "",
                          "className": "font-weight-bold mb-3 p-0 black-text",
                        },
                        "ref": null,
                        "rendered": "",
                        "type": "h1",
                      },
                      Object {
                        "instance": null,
                        "key": undefined,
                        "nodeType": "host",
                        "props": Object {
                          "children": "views",
                          "className": "black-text",
                        },
                        "ref": null,
                        "rendered": "views",
                        "type": "span",
                      },
                    ],
                    "type": [Function],
                  },
                ],
                "type": [Function],
              },
              "type": [Function],
            },
            "type": [Function],
          },
          "type": [Function],
        },
        "type": [Function],
      },
      "type": [Function],
    },
  ],
  Symbol(enzyme.__options__): Object {
    "adapter": ReactSixteenAdapter {
      "options": Object {
        "enableComponentDidUpdateOnSetState": true,
        "lifecycles": Object {
          "componentDidUpdate": Object {
            "onSetState": true,
          },
          "getDerivedStateFromProps": true,
          "getSnapshotBeforeUpdate": true,
          "setState": Object {
            "skipsComponentDidUpdateOnNullish": true,
          },
        },
      },
    },
  },
}
`;
