// Jest Snapshot v1, https://goo.gl/fbAQLP

exports[`Share article buttons tests should match the snapshot 1`] = `
ShallowWrapper {
  Symbol(enzyme.__root__): [Circular],
  Symbol(enzyme.__unrendered__): <ShareArticleButtons />,
  Symbol(enzyme.__renderer__): Object {
    "batchedUpdates": [Function],
    "getNode": [Function],
    "render": [Function],
    "simulateError": [Function],
    "simulateEvent": [Function],
    "unmount": [Function],
  },
  Symbol(enzyme.__node__): Object {
    "instance": null,
    "key": undefined,
    "nodeType": "host",
    "props": Object {
      "children": Array [
        <CreatedButton
          className="share-button"
          style={
            Object {
              "marginBottom": "8px",
            }
          }
          url="http://localhost/"
          windowHeight={400}
          windowWidth={550}
        >
          <Icon
            className=""
            iconBgStyle={Object {}}
            logoFillColor="white"
            round={true}
            size={32}
          />
        </CreatedButton>,
        <CreatedButton
          className="share-button"
          style={
            Object {
              "marginBottom": "8px",
            }
          }
          url="http://localhost/"
          windowHeight={400}
          windowWidth={550}
        >
          <Icon
            className=""
            iconBgStyle={Object {}}
            logoFillColor="white"
            round={true}
            size={32}
          />
        </CreatedButton>,
        <CreatedButton
          className="share-button"
          onClick={[Function]}
          openWindow={false}
          style={
            Object {
              "marginBottom": "8px",
            }
          }
          url="http://localhost/"
        >
          <Icon
            className=""
            iconBgStyle={Object {}}
            logoFillColor="white"
            round={true}
            size={32}
          />
        </CreatedButton>,
      ],
    },
    "ref": null,
    "rendered": Array [
      Object {
        "instance": null,
        "key": undefined,
        "nodeType": "function",
        "props": Object {
          "children": <Icon
            className=""
            iconBgStyle={Object {}}
            logoFillColor="white"
            round={true}
            size={32}
          />,
          "className": "share-button",
          "style": Object {
            "marginBottom": "8px",
          },
          "url": "http://localhost/",
          "windowHeight": 400,
          "windowWidth": 550,
        },
        "ref": null,
        "rendered": Object {
          "instance": null,
          "key": undefined,
          "nodeType": "function",
          "props": Object {
            "className": "",
            "iconBgStyle": Object {},
            "logoFillColor": "white",
            "round": true,
            "size": 32,
          },
          "ref": null,
          "rendered": null,
          "type": [Function],
        },
        "type": [Function],
      },
      Object {
        "instance": null,
        "key": undefined,
        "nodeType": "function",
        "props": Object {
          "children": <Icon
            className=""
            iconBgStyle={Object {}}
            logoFillColor="white"
            round={true}
            size={32}
          />,
          "className": "share-button",
          "style": Object {
            "marginBottom": "8px",
          },
          "url": "http://localhost/",
          "windowHeight": 400,
          "windowWidth": 550,
        },
        "ref": null,
        "rendered": Object {
          "instance": null,
          "key": undefined,
          "nodeType": "function",
          "props": Object {
            "className": "",
            "iconBgStyle": Object {},
            "logoFillColor": "white",
            "round": true,
            "size": 32,
          },
          "ref": null,
          "rendered": null,
          "type": [Function],
        },
        "type": [Function],
      },
      Object {
        "instance": null,
        "key": undefined,
        "nodeType": "function",
        "props": Object {
          "children": <Icon
            className=""
            iconBgStyle={Object {}}
            logoFillColor="white"
            round={true}
            size={32}
          />,
          "className": "share-button",
          "onClick": [Function],
          "openWindow": false,
          "style": Object {
            "marginBottom": "8px",
          },
          "url": "http://localhost/",
        },
        "ref": null,
        "rendered": Object {
          "instance": null,
          "key": undefined,
          "nodeType": "function",
          "props": Object {
            "className": "",
            "iconBgStyle": Object {},
            "logoFillColor": "white",
            "round": true,
            "size": 32,
          },
          "ref": null,
          "rendered": null,
          "type": [Function],
        },
        "type": [Function],
      },
    ],
    "type": "div",
  },
  Symbol(enzyme.__nodes__): Array [
    Object {
      "instance": null,
      "key": undefined,
      "nodeType": "host",
      "props": Object {
        "children": Array [
          <CreatedButton
            className="share-button"
            style={
              Object {
                "marginBottom": "8px",
              }
            }
            url="http://localhost/"
            windowHeight={400}
            windowWidth={550}
          >
            <Icon
              className=""
              iconBgStyle={Object {}}
              logoFillColor="white"
              round={true}
              size={32}
            />
          </CreatedButton>,
          <CreatedButton
            className="share-button"
            style={
              Object {
                "marginBottom": "8px",
              }
            }
            url="http://localhost/"
            windowHeight={400}
            windowWidth={550}
          >
            <Icon
              className=""
              iconBgStyle={Object {}}
              logoFillColor="white"
              round={true}
              size={32}
            />
          </CreatedButton>,
          <CreatedButton
            className="share-button"
            onClick={[Function]}
            openWindow={false}
            style={
              Object {
                "marginBottom": "8px",
              }
            }
            url="http://localhost/"
          >
            <Icon
              className=""
              iconBgStyle={Object {}}
              logoFillColor="white"
              round={true}
              size={32}
            />
          </CreatedButton>,
        ],
      },
      "ref": null,
      "rendered": Array [
        Object {
          "instance": null,
          "key": undefined,
          "nodeType": "function",
          "props": Object {
            "children": <Icon
              className=""
              iconBgStyle={Object {}}
              logoFillColor="white"
              round={true}
              size={32}
            />,
            "className": "share-button",
            "style": Object {
              "marginBottom": "8px",
            },
            "url": "http://localhost/",
            "windowHeight": 400,
            "windowWidth": 550,
          },
          "ref": null,
          "rendered": Object {
            "instance": null,
            "key": undefined,
            "nodeType": "function",
            "props": Object {
              "className": "",
              "iconBgStyle": Object {},
              "logoFillColor": "white",
              "round": true,
              "size": 32,
            },
            "ref": null,
            "rendered": null,
            "type": [Function],
          },
          "type": [Function],
        },
        Object {
          "instance": null,
          "key": undefined,
          "nodeType": "function",
          "props": Object {
            "children": <Icon
              className=""
              iconBgStyle={Object {}}
              logoFillColor="white"
              round={true}
              size={32}
            />,
            "className": "share-button",
            "style": Object {
              "marginBottom": "8px",
            },
            "url": "http://localhost/",
            "windowHeight": 400,
            "windowWidth": 550,
          },
          "ref": null,
          "rendered": Object {
            "instance": null,
            "key": undefined,
            "nodeType": "function",
            "props": Object {
              "className": "",
              "iconBgStyle": Object {},
              "logoFillColor": "white",
              "round": true,
              "size": 32,
            },
            "ref": null,
            "rendered": null,
            "type": [Function],
          },
          "type": [Function],
        },
        Object {
          "instance": null,
          "key": undefined,
          "nodeType": "function",
          "props": Object {
            "children": <Icon
              className=""
              iconBgStyle={Object {}}
              logoFillColor="white"
              round={true}
              size={32}
            />,
            "className": "share-button",
            "onClick": [Function],
            "openWindow": false,
            "style": Object {
              "marginBottom": "8px",
            },
            "url": "http://localhost/",
          },
          "ref": null,
          "rendered": Object {
            "instance": null,
            "key": undefined,
            "nodeType": "function",
            "props": Object {
              "className": "",
              "iconBgStyle": Object {},
              "logoFillColor": "white",
              "round": true,
              "size": 32,
            },
            "ref": null,
            "rendered": null,
            "type": [Function],
          },
          "type": [Function],
        },
      ],
      "type": "div",
    },
  ],
  Symbol(enzyme.__options__): Object {
    "adapter": ReactSixteenAdapter {
      "options": Object {
        "enableComponentDidUpdateOnSetState": true,
        "lifecycles": Object {
          "componentDidUpdate": Object {
            "onSetState": true,
          },
          "getDerivedStateFromProps": true,
          "getSnapshotBeforeUpdate": true,
          "setState": Object {
            "skipsComponentDidUpdateOnNullish": true,
          },
        },
      },
    },
  },
}
`;
