// Jest Snapshot v1, https://goo.gl/fbAQLP

exports[`test report article component should match snapshot 1`] = `
ShallowWrapper {
  Symbol(enzyme.__root__): [Circular],
  Symbol(enzyme.__unrendered__): <ReportArticle
    article={Object {}}
    close={Object {}}
    modal={Object {}}
  />,
  Symbol(enzyme.__renderer__): Object {
    "batchedUpdates": [Function],
    "getNode": [Function],
    "render": [Function],
    "simulateError": [Function],
    "simulateEvent": [Function],
    "unmount": [Function],
  },
  Symbol(enzyme.__node__): Object {
    "instance": null,
    "key": undefined,
    "nodeType": "class",
    "props": Object {
      "children": <t
        autoFocus={true}
        backdrop={true}
        backdropTransitionTimeout={150}
        className=""
        fade={true}
        isOpen={Object {}}
        modalTransitionTimeout={300}
        role="dialog"
        tabIndex="-1"
        zIndex={1050}
      >
        <t
          border={false}
          brand={false}
          className=""
          fab={false}
          fal={false}
          far={false}
          fixed={false}
          flip=""
          icon="times"
          inverse=""
          light={false}
          list={false}
          onClick={Object {}}
          pull=""
          pulse={false}
          regular={false}
          rotate=""
          size=""
          spin={false}
          stack=""
          style={
            Object {
              "position": "absolute",
              "right": 5,
            }
          }
        />
        <t
          closeAriaLabel="Close"
          tag="h4"
        >
          Please tell us why you are reporting this article
        </t>
        <t>
          <Connect(ReportView)
            article={Object {}}
          />
        </t>
      </t>,
      "fluid": false,
      "tag": "div",
    },
    "ref": null,
    "rendered": Object {
      "instance": null,
      "key": undefined,
      "nodeType": "class",
      "props": Object {
        "autoFocus": true,
        "backdrop": true,
        "backdropTransitionTimeout": 150,
        "children": Array [
          <t
            border={false}
            brand={false}
            className=""
            fab={false}
            fal={false}
            far={false}
            fixed={false}
            flip=""
            icon="times"
            inverse=""
            light={false}
            list={false}
            onClick={Object {}}
            pull=""
            pulse={false}
            regular={false}
            rotate=""
            size=""
            spin={false}
            stack=""
            style={
              Object {
                "position": "absolute",
                "right": 5,
              }
            }
          />,
          <t
            closeAriaLabel="Close"
            tag="h4"
          >
            Please tell us why you are reporting this article
          </t>,
          <t>
            <Connect(ReportView)
              article={Object {}}
            />
          </t>,
        ],
        "className": "",
        "fade": true,
        "isOpen": Object {},
        "modalTransitionTimeout": 300,
        "role": "dialog",
        "tabIndex": "-1",
        "zIndex": 1050,
      },
      "ref": null,
      "rendered": Array [
        Object {
          "instance": null,
          "key": undefined,
          "nodeType": "class",
          "props": Object {
            "border": false,
            "brand": false,
            "className": "",
            "fab": false,
            "fal": false,
            "far": false,
            "fixed": false,
            "flip": "",
            "icon": "times",
            "inverse": "",
            "light": false,
            "list": false,
            "onClick": Object {},
            "pull": "",
            "pulse": false,
            "regular": false,
            "rotate": "",
            "size": "",
            "spin": false,
            "stack": "",
            "style": Object {
              "position": "absolute",
              "right": 5,
            },
          },
          "ref": null,
          "rendered": null,
          "type": [Function],
        },
        Object {
          "instance": null,
          "key": undefined,
          "nodeType": "class",
          "props": Object {
            "children": "Please tell us why you are reporting this article",
            "closeAriaLabel": "Close",
            "tag": "h4",
          },
          "ref": null,
          "rendered": "Please tell us why you are reporting this article",
          "type": [Function],
        },
        Object {
          "instance": null,
          "key": undefined,
          "nodeType": "class",
          "props": Object {
            "children": <Connect(ReportView)
              article={Object {}}
            />,
          },
          "ref": null,
          "rendered": Object {
            "instance": null,
            "key": undefined,
            "nodeType": "class",
            "props": Object {
              "article": Object {},
            },
            "ref": null,
            "rendered": null,
            "type": [Function],
          },
          "type": [Function],
        },
      ],
      "type": [Function],
    },
    "type": [Function],
  },
  Symbol(enzyme.__nodes__): Array [
    Object {
      "instance": null,
      "key": undefined,
      "nodeType": "class",
      "props": Object {
        "children": <t
          autoFocus={true}
          backdrop={true}
          backdropTransitionTimeout={150}
          className=""
          fade={true}
          isOpen={Object {}}
          modalTransitionTimeout={300}
          role="dialog"
          tabIndex="-1"
          zIndex={1050}
        >
          <t
            border={false}
            brand={false}
            className=""
            fab={false}
            fal={false}
            far={false}
            fixed={false}
            flip=""
            icon="times"
            inverse=""
            light={false}
            list={false}
            onClick={Object {}}
            pull=""
            pulse={false}
            regular={false}
            rotate=""
            size=""
            spin={false}
            stack=""
            style={
              Object {
                "position": "absolute",
                "right": 5,
              }
            }
          />
          <t
            closeAriaLabel="Close"
            tag="h4"
          >
            Please tell us why you are reporting this article
          </t>
          <t>
            <Connect(ReportView)
              article={Object {}}
            />
          </t>
        </t>,
        "fluid": false,
        "tag": "div",
      },
      "ref": null,
      "rendered": Object {
        "instance": null,
        "key": undefined,
        "nodeType": "class",
        "props": Object {
          "autoFocus": true,
          "backdrop": true,
          "backdropTransitionTimeout": 150,
          "children": Array [
            <t
              border={false}
              brand={false}
              className=""
              fab={false}
              fal={false}
              far={false}
              fixed={false}
              flip=""
              icon="times"
              inverse=""
              light={false}
              list={false}
              onClick={Object {}}
              pull=""
              pulse={false}
              regular={false}
              rotate=""
              size=""
              spin={false}
              stack=""
              style={
                Object {
                  "position": "absolute",
                  "right": 5,
                }
              }
            />,
            <t
              closeAriaLabel="Close"
              tag="h4"
            >
              Please tell us why you are reporting this article
            </t>,
            <t>
              <Connect(ReportView)
                article={Object {}}
              />
            </t>,
          ],
          "className": "",
          "fade": true,
          "isOpen": Object {},
          "modalTransitionTimeout": 300,
          "role": "dialog",
          "tabIndex": "-1",
          "zIndex": 1050,
        },
        "ref": null,
        "rendered": Array [
          Object {
            "instance": null,
            "key": undefined,
            "nodeType": "class",
            "props": Object {
              "border": false,
              "brand": false,
              "className": "",
              "fab": false,
              "fal": false,
              "far": false,
              "fixed": false,
              "flip": "",
              "icon": "times",
              "inverse": "",
              "light": false,
              "list": false,
              "onClick": Object {},
              "pull": "",
              "pulse": false,
              "regular": false,
              "rotate": "",
              "size": "",
              "spin": false,
              "stack": "",
              "style": Object {
                "position": "absolute",
                "right": 5,
              },
            },
            "ref": null,
            "rendered": null,
            "type": [Function],
          },
          Object {
            "instance": null,
            "key": undefined,
            "nodeType": "class",
            "props": Object {
              "children": "Please tell us why you are reporting this article",
              "closeAriaLabel": "Close",
              "tag": "h4",
            },
            "ref": null,
            "rendered": "Please tell us why you are reporting this article",
            "type": [Function],
          },
          Object {
            "instance": null,
            "key": undefined,
            "nodeType": "class",
            "props": Object {
              "children": <Connect(ReportView)
                article={Object {}}
              />,
            },
            "ref": null,
            "rendered": Object {
              "instance": null,
              "key": undefined,
              "nodeType": "class",
              "props": Object {
                "article": Object {},
              },
              "ref": null,
              "rendered": null,
              "type": [Function],
            },
            "type": [Function],
          },
        ],
        "type": [Function],
      },
      "type": [Function],
    },
  ],
  Symbol(enzyme.__options__): Object {
    "adapter": ReactSixteenAdapter {
      "options": Object {
        "enableComponentDidUpdateOnSetState": true,
        "lifecycles": Object {
          "componentDidUpdate": Object {
            "onSetState": true,
          },
          "getDerivedStateFromProps": true,
          "getSnapshotBeforeUpdate": true,
          "setState": Object {
            "skipsComponentDidUpdateOnNullish": true,
          },
        },
      },
    },
  },
}
`;

exports[`test reported articles should match snapshot 1`] = `
ShallowWrapper {
  Symbol(enzyme.__root__): [Circular],
  Symbol(enzyme.__unrendered__): <ReportedArticles
    GetReportedAction={
      [MockFunction] {
        "calls": Array [
          Array [],
        ],
        "results": Array [
          Object {
            "isThrow": false,
            "value": undefined,
          },
        ],
      }
    }
    reportedArticles={Object {}}
  />,
  Symbol(enzyme.__renderer__): Object {
    "batchedUpdates": [Function],
    "getNode": [Function],
    "render": [Function],
    "simulateError": [Function],
    "simulateEvent": [Function],
    "unmount": [Function],
  },
  Symbol(enzyme.__node__): Object {
    "instance": null,
    "key": undefined,
    "nodeType": "host",
    "props": Object {
      "children": <h2>
        Either there are no reported articles or you are not authorized to view this page
      </h2>,
      "className": "text-center",
    },
    "ref": null,
    "rendered": Object {
      "instance": null,
      "key": undefined,
      "nodeType": "host",
      "props": Object {
        "children": "Either there are no reported articles or you are not authorized to view this page",
      },
      "ref": null,
      "rendered": "Either there are no reported articles or you are not authorized to view this page",
      "type": "h2",
    },
    "type": "div",
  },
  Symbol(enzyme.__nodes__): Array [
    Object {
      "instance": null,
      "key": undefined,
      "nodeType": "host",
      "props": Object {
        "children": <h2>
          Either there are no reported articles or you are not authorized to view this page
        </h2>,
        "className": "text-center",
      },
      "ref": null,
      "rendered": Object {
        "instance": null,
        "key": undefined,
        "nodeType": "host",
        "props": Object {
          "children": "Either there are no reported articles or you are not authorized to view this page",
        },
        "ref": null,
        "rendered": "Either there are no reported articles or you are not authorized to view this page",
        "type": "h2",
      },
      "type": "div",
    },
  ],
  Symbol(enzyme.__options__): Object {
    "adapter": ReactSixteenAdapter {
      "options": Object {
        "enableComponentDidUpdateOnSetState": true,
        "lifecycles": Object {
          "componentDidUpdate": Object {
            "onSetState": true,
          },
          "getDerivedStateFromProps": true,
          "getSnapshotBeforeUpdate": true,
          "setState": Object {
            "skipsComponentDidUpdateOnNullish": true,
          },
        },
      },
    },
  },
}
`;
